Wed Dec 31 16:01:30 1969 - Wed Dec 31 16:01:40 1969 *
Wed Dec 31 16:01:20 1969 - Wed Dec 31 16:01:30 1969 )
Wed Dec 31 16:01:10 1969 - Wed Dec 31 16:01:20 1969 (
Wed Dec 31 16:01:00 1969 - Wed Dec 31 16:01:10 1969 '
Wed Dec 31 16:00:50 1969 - Wed Dec 31 16:01:00 1969 &
