Wed Dec 31 16:00:00 1969 - Wed Dec 31 16:25:00 1969 Hello World
