Welcome to TomatoTime

Press Enter to start new Tomato
