Time for a well-deserved break...

[1] 5 minutes
[2] 10 minutes
[3] 15 minutes
[4] 25 minutes

How long? (Choose and press Enter) 