Wed Dec 31 16:00:00 1969 - Thu Jan  1 08:40:00 1970