Welcome to TomatoTime

Press any key to start new Tomato
